// Jest Snapshot v1, https://goo.gl/fbAQLP

exports[`renders correctly 1`] = `
<div
  className="shape-container"
>
  <div
    className="shape-OVAL"
    style={
      Object {
        "backgroundColor": "#2B9FFF",
      }
    }
  />
</div>
`;
